// Jest Snapshot v1, https://goo.gl/fbAQLP

exports[`Choose Validity Page should render correctly 1`] = `
<Component
  description="Choose Validity page of the Create Fares Data Service"
  title="Choose Validity - Create Fares Data Service"
>
  <CsrfForm
    action="/api/chooseValidity"
    csrfToken=""
    method="post"
  >
    <ErrorSummary
      errors={Array []}
    />
    <div
      className="govuk-form-group "
    >
      <label
        htmlFor="validity"
      >
        <h1
          className="govuk-heading-l"
          id="choose-validity-page-heading"
        >
          How many days is your product valid for?
        </h1>
      </label>
      <div
        className="govuk-hint"
      >
        Product: 
        bus company
         - £
        £3.00
         - 
        Adult
      </div>
      <div
        className="govuk-hint"
        id="choose-validity-page-hint"
      >
        Enter a whole number. For example: a day ticket would be 1 and two weeks would be 14
      </div>
      <FormElementWrapper
        errorClass="govuk-input--error"
        errorId="validity"
        errors={Array []}
      >
        <input
          aria-describedby="choose-validity-page-hint"
          className="govuk-input govuk-input--width-2"
          defaultValue=""
          id="validity"
          name="validityInput"
          type="text"
        />
      </FormElementWrapper>
    </div>
    <input
      className="govuk-button"
      id="continue-button"
      type="submit"
      value="Continue"
    />
  </CsrfForm>
</Component>
`;
