// Jest Snapshot v1, https://goo.gl/fbAQLP

exports[`pages csvzoneupload should render correctly 1`] = `
<BaseLayout
  description="CSV Zone Upload page of the Create Fares Data Service"
  errors={Array []}
  title="CSV Zone Upload - Create Fares Data Service"
>
  <UserDataUploadComponent
    backHref=""
    clickedYes={false}
    csrfToken=""
    csvTemplateAttachmentUrl=""
    csvTemplateDisplayName=""
    csvTemplateSize=""
    csvUploadApiRoute=""
    csvUploadHintText=""
    csvUploadTitle="Upload fare zone as CSV"
    detailBody={
      <React.Fragment>
        <p>
          Some common issues with fare zone uploads include:
        </p>
        <ul
          className="govuk-list govuk-list--bullet"
        >
          <li>
            Commas in fare zone names
          </li>
        </ul>
        <p>
          Use the help file document for a more detailed help on constructing a fare zone CSV in the required format or download the .csv template to create a new file.
        </p>
      </React.Fragment>
    }
    errors={Array []}
    guidanceDocAttachmentUrl=""
    guidanceDocDisplayName=""
    guidanceDocSize=""
    isFareZone={true}
    serviceList={
      Array [
        Object {
          "checked": false,
          "description": "IW Bus Service 123",
          "destination": "Leeds",
          "id": 11,
          "lineId": "3h3vb32ik",
          "lineName": "123",
          "origin": "Manchester",
          "serviceCode": "NW_05_BLAC_123_1",
          "startDate": "05/02/2020",
        },
        Object {
          "checked": false,
          "description": "Big Blue Bus Service X1",
          "id": 12,
          "lineId": "3h3vb32ik",
          "lineName": "X1",
          "origin": "Edinburgh",
          "serviceCode": "NW_05_BLAC_X1_1",
          "startDate": "06/02/2020",
        },
        Object {
          "checked": false,
          "description": "This is some kind of bus service",
          "destination": "London",
          "id": 13,
          "lineId": "3h3vb32ik",
          "lineName": "Infinity Line",
          "serviceCode": "WY_13_IWBT_07_1",
          "startDate": "07/02/2020",
        },
      ]
    }
  />
</BaseLayout>
`;
