// Jest Snapshot v1, https://goo.gl/fbAQLP

exports[`pages fareType should render correctly 1`] = `
<Layout
  description="Fare Type selection page of the Fares data build tool"
  title="Fare Type - Fares data build tool"
>
  <main
    className="govuk-main-wrapper app-main-class"
    id="main-content"
    role="main"
  >
    <form
      action="/api/fareType"
      method="post"
    >
      <ErrorSummary
        errors={Array []}
      />
      <div
        className="govuk-form-group "
      >
        <fieldset
          aria-describedby="fareType-page-heading"
          className="govuk-fieldset"
        >
          <legend
            className="govuk-fieldset__legend govuk-fieldset__legend--xl"
          >
            <h1
              className="govuk-fieldset__heading"
              id="fareType-page-heading"
            >
              Select a fare type
            </h1>
          </legend>
          <FormElementWrapper
            errorClass="govuk-radios--error"
            errorId="fare-type-error"
            errors={Array []}
          >
            <div
              className="govuk-radios"
            >
              <div
                className="govuk-radios__item"
              >
                <input
                  className="govuk-radios__input"
                  id="fareType-single"
                  name="fareType"
                  type="radio"
                  value="single"
                />
                <label
                  className="govuk-label govuk-radios__label"
                  htmlFor="fareType-single"
                >
                  Single - Point to Point
                </label>
              </div>
              <div
                className="govuk-radios__item"
              >
                <input
                  className="govuk-radios__input"
                  id="fareType-period"
                  name="fareType"
                  type="radio"
                  value="period"
                />
                <label
                  className="govuk-label govuk-radios__label"
                  htmlFor="fareType-period"
                >
                  Period Tickets (Day, Week, Month and Annual)
                </label>
              </div>
              <div
                className="govuk-radios__item"
              >
                <input
                  className="govuk-radios__input"
                  id="fareType-return"
                  name="fareType"
                  type="radio"
                  value="return"
                />
                <label
                  className="govuk-label govuk-radios__label"
                  htmlFor="fareType-return"
                >
                  Return - Single Service
                </label>
              </div>
            </div>
          </FormElementWrapper>
        </fieldset>
      </div>
      <input
        className="govuk-button govuk-button--start"
        id="continue-button"
        type="submit"
        value="Continue"
      />
    </form>
  </main>
</Layout>
`;
