// Jest Snapshot v1, https://goo.gl/fbAQLP

exports[`pages inputMethod should render correctly 1`] = `
<Layout
  description="Enter prices into fares triangle page of the Fares Data Build Tool"
  title="Price Entry Fares Triangle - Fares Data Build Tool"
>
  <main
    className="govuk-main-wrapper app-main-class"
    id="main-content"
    role="main"
  >
    <form
      action="/api/priceEntry"
      method="post"
    >
      <div
        className="govuk-form-group"
      >
        <fieldset
          aria-describedby="selection-hint"
          className="govuk-fieldset"
        >
          <legend
            className="govuk-fieldset__legend govuk-fieldset__legend--xl"
          >
            <h1
              className="govuk-fieldset__heading"
            >
              Please enter prices for all fare stages in pence
            </h1>
          </legend>
          <span
            className="govuk-hint"
            id="selection-hint"
          >
            For example £1 would be 100 or £2.29 would be 229
          </span>
        </fieldset>
        <div
          className="fare-triangle-container"
        >
          <div
            className="fare-triangle-column"
          >
            <div
              className="govuk-heading-s fare-triangle-label-left"
            >
              <span />
            </div>
            <div
              className="govuk-heading-s fare-triangle-label-left"
            >
              <span>
                Chapeltown
              </span>
            </div>
            <div
              className="govuk-heading-s fare-triangle-label-left"
            >
              <span>
                Chapel Allerton
              </span>
            </div>
          </div>
          <div
            className="fare-triangle"
          >
            <div
              className="fare-triangle-row"
              id="row-0"
            >
              <div
                className="govuk-heading-s fare-triangle-label-right"
              >
                Briggate
              </div>
            </div>
            <div
              className="fare-triangle-row"
              id="row-1"
            >
              <input
                className="govuk-input govuk-input--width-4 fare-triangle-input"
                id="cell-1-0"
                max="10000"
                maxLength={5}
                min="1"
                name="cell-1-0"
                pattern="^[0-9]*$"
                required={true}
                type="number"
              />
              <div
                className="govuk-heading-s fare-triangle-label-right"
              >
                Chapeltown
              </div>
            </div>
            <div
              className="fare-triangle-row"
              id="row-2"
            >
              <input
                className="govuk-input govuk-input--width-4 fare-triangle-input"
                id="cell-2-0"
                max="10000"
                maxLength={5}
                min="1"
                name="cell-2-0"
                pattern="^[0-9]*$"
                required={true}
                type="number"
              />
              <input
                className="govuk-input govuk-input--width-4 fare-triangle-input"
                id="cell-2-1"
                max="10000"
                maxLength={5}
                min="1"
                name="cell-2-1"
                pattern="^[0-9]*$"
                required={true}
                type="number"
              />
              <div
                className="govuk-heading-s fare-triangle-label-right"
              >
                Chapel Allerton
              </div>
            </div>
          </div>
        </div>
      </div>
      <input
        className="govuk-button govuk-button--start"
        id="continue-button"
        type="submit"
        value="Continue"
      />
    </form>
  </main>
</Layout>
`;
