// Jest Snapshot v1, https://goo.gl/fbAQLP

exports[`pages productDetails should render correctly 1`] = `
<Component
  description="Product Details entry page of the Create Fares Data Service"
  title="Product Details - Create Fares Data Service"
>
  <CsrfForm
    action="/api/productDetails"
    csrfToken=""
    method="post"
  >
    <ErrorSummary
      errors={Array []}
    />
    <div
      className="govuk-form-group"
    >
      <fieldset
        aria-describedby="product-details-page-heading"
        className="govuk-fieldset"
      >
        <legend
          className="govuk-fieldset__legend govuk-fieldset__legend--l"
        >
          <h1
            className="govuk-fieldset__heading"
            id="product-details-page-heading"
          >
            Enter your product details
          </h1>
        </legend>
        <span
          className="govuk-hint"
          id="service-operator-hint"
        >
          bus company
           - 
          Test Zone
           - 
          Adult
        </span>
        <Component
          errorId="product-details-name"
          errors={Array []}
        >
          <label
            className="govuk-label"
            htmlFor="product-details-name"
          >
            Product Name
          </label>
          <span
            className="govuk-hint"
            id="product-name-hint"
          >
            Must be between 2 and 50 characters long
          </span>
          <FormElementWrapper
            errorClass="govuk-input--error"
            errorId="product-details-name"
            errors={Array []}
          >
            <input
              aria-describedby="product-name-hint"
              className="govuk-input govuk-input--width-30 govuk-product-name-input__inner__input"
              defaultValue=""
              id="product-details-name"
              maxLength={50}
              name="productDetailsNameInput"
              type="text"
            />
          </FormElementWrapper>
        </Component>
        <Component
          errorId="product-details-price"
          errors={Array []}
        >
          <label
            className="govuk-label"
            htmlFor="product-details-price"
          >
            Product Price, in pounds
          </label>
          <span
            className="govuk-hint"
            id="product-price-hint"
          >
            For example, 2.99
          </span>
          <div
            className="govuk-currency-input"
          >
            <div
              className="govuk-currency-input__inner"
            >
              <span
                className="govuk-currency-input__inner__unit"
              >
                £
              </span>
              <FormElementWrapper
                errorClass="govuk-input--error"
                errorId="product-details-price"
                errors={Array []}
              >
                <input
                  aria-describedby="product-price-hint"
                  className="govuk-input govuk-input--width-10 govuk-currency-input__inner__input"
                  data-non-numeric={true}
                  defaultValue=""
                  id="product-details-price"
                  name="productDetailsPriceInput"
                  type="text"
                />
              </FormElementWrapper>
            </div>
          </div>
        </Component>
      </fieldset>
    </div>
    <input
      className="govuk-button"
      id="continue-button"
      type="submit"
      value="Continue"
    />
  </CsrfForm>
</Component>
`;
