// Jest Snapshot v1, https://goo.gl/fbAQLP

exports[`pages time restrictions inner component renders normally when time restrictions are present 1`] = `
<Fragment>
  <h4
    className="time-restriction-title govuk-heading-m govuk-!-padding-bottom-4"
  >
    Restriction 1
  </h4>
  <ul
    className="day-restrictions-list"
  >
    <li
      className="govuk-body-s govuk-!-margin-bottom-2"
      data-test-id="day-restriction"
      key="monday"
    >
      <span
        className="day govuk-!-font-weight-bold"
      >
        Mon
      </span>
       
      <span
        className="day-restriction"
      >
        04:00–23:00
      </span>
    </li>
    <li
      className="govuk-body-s govuk-!-margin-bottom-2"
      data-test-id="day-restriction"
      key="tuesday"
    >
      <span
        className="day govuk-!-font-weight-bold"
      >
        Tue
      </span>
       
      <span
        className="day-restriction"
      >
        04:00–
      </span>
    </li>
    <li
      className="govuk-body-s govuk-!-margin-bottom-2"
      data-test-id="day-restriction"
      key="wednesday"
    >
      <span
        className="day govuk-!-font-weight-bold"
      >
        Wed
      </span>
       
      <span
        className="day-restriction not-valid"
      >
        Not valid
      </span>
    </li>
    <li
      className="govuk-body-s govuk-!-margin-bottom-2"
      data-test-id="day-restriction"
      key="thursday"
    >
      <span
        className="day govuk-!-font-weight-bold"
      >
        Thu
      </span>
       
      <span
        className="day-restriction not-valid"
      >
        Not valid
      </span>
    </li>
    <li
      className="govuk-body-s govuk-!-margin-bottom-2"
      data-test-id="day-restriction"
      key="friday"
    >
      <span
        className="day govuk-!-font-weight-bold"
      >
        Fri
      </span>
       
      <span
        className="day-restriction not-valid"
      >
        Not valid
      </span>
    </li>
    <li
      className="govuk-body-s govuk-!-margin-bottom-2"
      data-test-id="day-restriction"
      key="saturday"
    >
      <span
        className="day govuk-!-font-weight-bold"
      >
        Sat
      </span>
       
      <span
        className="day-restriction not-valid"
      >
        Not valid
      </span>
    </li>
    <li
      className="govuk-body-s govuk-!-margin-bottom-2"
      data-test-id="day-restriction"
      key="sunday"
    >
      <span
        className="day govuk-!-font-weight-bold"
      >
        Sun
      </span>
       
      <span
        className="day-restriction not-valid"
      >
        Not valid
      </span>
    </li>
    <li
      className="govuk-body-s govuk-!-margin-bottom-2"
      data-test-id="day-restriction"
      key="bankHoliday"
    >
      <span
        className="day govuk-!-font-weight-bold"
      >
        BH
      </span>
       
      <span
        className="day-restriction not-valid"
      >
        Not valid
      </span>
    </li>
  </ul>
</Fragment>
`;

exports[`pages view time restrictions should render correctly when no time restrictions 1`] = `
<GlobalSettingsViewPage
  CardBody={[Function]}
  csrfToken=""
  description="Define certain days and time periods that your tickets can be used within."
  entities={Array []}
  entityDescription="time restriction"
  errors={Array []}
  referer={null}
  title="Time restrictions"
/>
`;

exports[`pages view time restrictions should render correctly when time restrictions exist 1`] = `
<GlobalSettingsViewPage
  CardBody={[Function]}
  csrfToken=""
  description="Define certain days and time periods that your tickets can be used within."
  entities={
    Array [
      Object {
        "contents": Array [
          Object {
            "day": "monday",
            "timeBands": Array [
              Object {
                "endTime": "2300",
                "startTime": "0400",
              },
            ],
          },
          Object {
            "day": "tuesday",
            "timeBands": Array [
              Object {
                "endTime": "",
                "startTime": "0400",
              },
            ],
          },
        ],
        "id": 1,
        "name": "Restriction 1",
      },
      Object {
        "contents": Array [
          Object {
            "day": "bankHoliday",
            "timeBands": Array [],
          },
          Object {
            "day": "sunday",
            "timeBands": Array [
              Object {
                "endTime": "1200",
                "startTime": "0400",
              },
              Object {
                "endTime": "2200",
                "startTime": "1300",
              },
            ],
          },
        ],
        "id": 2,
        "name": "Restriction 2",
      },
    ]
  }
  entityDescription="time restriction"
  errors={Array []}
  referer="hello"
  title="Time restrictions"
/>
`;
