// Jest Snapshot v1, https://goo.gl/fbAQLP

exports[`Layout should render correctly 1`] = `
<div>
  <Head>
    <link
      href={Object {}}
      rel="shortcut icon"
    />
    <title>
      title
    </title>
    <meta
      content="description"
      name="description"
    />
    <meta
      content="width=device-width, initial-scale=1"
      name="viewport"
    />
    <meta
      charSet="utf-8"
    />
  </Head>
  <Header />
  <div
    className="govuk-width-container app-width-container--wide"
  >
    <AlphaBanner />
    <div
      className="dftlogo"
    />
    <LogoBanner />
  </div>
  <Footer />
</div>
`;
