// Jest Snapshot v1, https://goo.gl/fbAQLP

exports[`pages operator should render correctly 1`] = `
<Component
  description="Create Fares Data is a service that allows you to generate data in NeTEx format"
  title="Create Fares Data"
>
  <h1
    className="govuk-heading-xl"
  >
    Create Fares Data
  </h1>
  <p
    className="govuk-body"
  >
    This service is for creating or accessing NeTEx data for public transport services, excluding rail, in England. The service can be used by:
  </p>
  <ul
    className="govuk-list govuk-list--bullet"
  >
    <li>
      Bus operators running commercial services in England
    </li>
    <li>
      Local transport authorities acting on behalf of bus operators
    </li>
    <li>
      Local transport authorities that operate their own services
    </li>
  </ul>
  <p
    className="govuk-body"
  >
    Use this service to:
  </p>
  <ul
    className="govuk-list govuk-list--bullet"
  >
    <li>
      Generate fares data in NeTEx format for a new or existing service
    </li>
    <li>
      Download your own fares data
    </li>
  </ul>
  <p
    className="govuk-body"
  >
    All service data is taken directly from the Traveline National Data Set and the NaPTAN database. To avoid data discrepancies, ensure that all service data is correct within these datasets before using the service.
  </p>
  <a
    className="govuk-button govuk-button--start"
    data-module="govuk-button"
    draggable="false"
    href="/multipleOperators"
    id="start-now-button"
    role="button"
  >
    Start now
    <svg
      className="govuk-button__start-icon"
      focusable="false"
      height="19"
      role="presentation"
      viewBox="0 0 33 40"
      width="17.5"
      xmlns="http://www.w3.org/2000/svg"
    >
      <path
        d="M0 0h13l20 20-20 20H0l20-20z"
        fill="currentColor"
      />
    </svg>
  </a>
</Component>
`;

exports[`pages operator should render correctly with no multiple operators 1`] = `
<Component
  description="Create Fares Data is a service that allows you to generate data in NeTEx format"
  title="Create Fares Data"
>
  <h1
    className="govuk-heading-xl"
  >
    Create Fares Data
  </h1>
  <p
    className="govuk-body"
  >
    This service is for creating or accessing NeTEx data for public transport services, excluding rail, in England. The service can be used by:
  </p>
  <ul
    className="govuk-list govuk-list--bullet"
  >
    <li>
      Bus operators running commercial services in England
    </li>
    <li>
      Local transport authorities acting on behalf of bus operators
    </li>
    <li>
      Local transport authorities that operate their own services
    </li>
  </ul>
  <p
    className="govuk-body"
  >
    Use this service to:
  </p>
  <ul
    className="govuk-list govuk-list--bullet"
  >
    <li>
      Generate fares data in NeTEx format for a new or existing service
    </li>
    <li>
      Download your own fares data
    </li>
  </ul>
  <p
    className="govuk-body"
  >
    All service data is taken directly from the Traveline National Data Set and the NaPTAN database. To avoid data discrepancies, ensure that all service data is correct within these datasets before using the service.
  </p>
  <a
    className="govuk-button govuk-button--start"
    data-module="govuk-button"
    draggable="false"
    href="/multipleOperators"
    id="start-now-button"
    role="button"
  >
    Start now
    <svg
      className="govuk-button__start-icon"
      focusable="false"
      height="19"
      role="presentation"
      viewBox="0 0 33 40"
      width="17.5"
      xmlns="http://www.w3.org/2000/svg"
    >
      <path
        d="M0 0h13l20 20-20 20H0l20-20z"
        fill="currentColor"
      />
    </svg>
  </a>
</Component>
`;
