// Jest Snapshot v1, https://goo.gl/fbAQLP

exports[`pages operator should render correctly 1`] = `
<Layout
  description="Operator selection page of the Fares data build tool"
  title="Operator - Fares data build tool"
>
  <main
    className="govuk-main-wrapper app-main-class"
    id="main-content"
    role="main"
  >
    <form
      action="/api/operator"
      method="post"
    >
      <div
        className="govuk-form-group"
      >
        <fieldset
          aria-describedby="operator-name-hint"
          className="govuk-fieldset"
        >
          <legend
            className="govuk-fieldset__legend govuk-fieldset__legend--xl"
          >
            <h1
              className="govuk-fieldset__heading"
            >
              Which operator are you representing?
            </h1>
          </legend>
          <div
            className="govuk-radios"
          >
            <div
              className="govuk-radios__item"
              key="Connexions Buses"
            >
              <input
                className="govuk-radios__input"
                id="operator-name0"
                name="operator"
                type="radio"
                value="{\\"operatorName\\":\\"Connexions Buses\\",\\"nocCode\\":\\"HCTY\\"}"
              />
              <label
                className="govuk-label govuk-radios__label"
                htmlFor="operator-name[object Object]"
              >
                Connexions Buses
              </label>
            </div>
            <div
              className="govuk-radios__item"
              key="Durham County Council"
            >
              <input
                className="govuk-radios__input"
                id="operator-name1"
                name="operator"
                type="radio"
                value="{\\"operatorName\\":\\"Durham County Council\\",\\"nocCode\\":\\"DCCL\\"}"
              />
              <label
                className="govuk-label govuk-radios__label"
                htmlFor="operator-name[object Object]"
              >
                Durham County Council
              </label>
            </div>
            <div
              className="govuk-radios__item"
              key="Lancashire County Council"
            >
              <input
                className="govuk-radios__input"
                id="operator-name2"
                name="operator"
                type="radio"
                value="{\\"operatorName\\":\\"Lancashire County Council\\",\\"nocCode\\":\\"PLACEHOLDERLANCASHIRE\\"}"
              />
              <label
                className="govuk-label govuk-radios__label"
                htmlFor="operator-name[object Object]"
              >
                Lancashire County Council
              </label>
            </div>
            <div
              className="govuk-radios__item"
              key="Manchester Community Transport"
            >
              <input
                className="govuk-radios__input"
                id="operator-name3"
                name="operator"
                type="radio"
                value="{\\"operatorName\\":\\"Manchester Community Transport\\",\\"nocCode\\":\\"MCTR\\"}"
              />
              <label
                className="govuk-label govuk-radios__label"
                htmlFor="operator-name[object Object]"
              >
                Manchester Community Transport
              </label>
            </div>
            <div
              className="govuk-radios__item"
              key="Pilkington Bus"
            >
              <input
                className="govuk-radios__input"
                id="operator-name4"
                name="operator"
                type="radio"
                value="{\\"operatorName\\":\\"Pilkington Bus\\",\\"nocCode\\":\\"NWBT\\"}"
              />
              <label
                className="govuk-label govuk-radios__label"
                htmlFor="operator-name[object Object]"
              >
                Pilkington Bus
              </label>
            </div>
            <div
              className="govuk-radios__item"
              key="TLC Travel"
            >
              <input
                className="govuk-radios__input"
                id="operator-name5"
                name="operator"
                type="radio"
                value="{\\"operatorName\\":\\"TLC Travel\\",\\"nocCode\\":\\"TLCT\\"}"
              />
              <label
                className="govuk-label govuk-radios__label"
                htmlFor="operator-name[object Object]"
              >
                TLC Travel
              </label>
            </div>
            <div
              className="govuk-radios__item"
              key="Transport for Greater Manchester"
            >
              <input
                className="govuk-radios__input"
                id="operator-name6"
                name="operator"
                type="radio"
                value="{\\"operatorName\\":\\"Transport for Greater Manchester\\",\\"nocCode\\":\\"PLACEHOLDERTFGM\\"}"
              />
              <label
                className="govuk-label govuk-radios__label"
                htmlFor="operator-name[object Object]"
              >
                Transport for Greater Manchester
              </label>
            </div>
          </div>
        </fieldset>
      </div>
      <input
        className="govuk-button govuk-button--start"
        id="continue-button"
        type="submit"
        value="Continue"
      />
    </form>
  </main>
</Layout>
`;
