// Jest Snapshot v1, https://goo.gl/fbAQLP

exports[`pages periodValidity should render correctly 1`] = `
<Layout
  description="Period Validity selection page of the Fares data build tool"
  title="Period Validity - Fares data build tool"
>
  <main
    className="govuk-main-wrapper app-main-class"
    id="main-content"
    role="main"
  >
    <form
      action="/api/periodValidity"
      method="post"
    >
      <fieldset
        aria-describedby="periodValidity-page-heading"
        className="govuk-fieldset"
      >
        <legend
          className="govuk-fieldset__legend govuk-fieldset__legend--xl"
        >
          <h1
            className="govuk-fieldset__heading"
            id="periodValidity-page-heading"
          >
            When does the product expire?
          </h1>
        </legend>
        <span
          className="govuk-hint"
          id="heading-period-validity-hint"
        >
          We need to know the time that this product would be valid until
        </span>
        <div
          className="govuk-form-group"
        >
          <span
            className="govuk-error-message"
            id="radio-error"
          >
            <span
              className="govuk-visually-hidden"
            >
              Please select an option
            </span>
          </span>
          <div
            className="govuk-radios"
          >
            <div
              className="govuk-radios__item"
            >
              <input
                className="govuk-radios__input"
                id="period-end-calendar"
                name="periodValid"
                type="radio"
                value="endOfCalendarDay"
              />
              <label
                className="govuk-label govuk-radios__label govuk-label--s"
                htmlFor="period-end-calendar"
              >
                At the end of a calendar day
              </label>
              <span
                className="govuk-hint govuk-radios__hint"
                id="period-end-calendar-hint"
              >
                For example, a ticket purchased at 3pm would be valid until midnight on it&aposs day of expiry
              </span>
            </div>
            <div
              className="govuk-radios__item"
            >
              <input
                className="govuk-radios__input"
                id="period-twenty-four-hours"
                name="periodValid"
                type="radio"
                value="24hr"
              />
              <label
                className="govuk-label govuk-radios__label govuk-label--s"
                htmlFor="period-twenty-four-hours"
              >
                At the end of a 24 hour period from purchase
              </label>
              <span
                className="govuk-hint govuk-radios__hint"
                id="period-twenty-four-hours-hint"
              >
                For example, a ticket purchased at 3pm will be valid until 3pm on it&aposs day of expiry
              </span>
            </div>
          </div>
        </div>
      </fieldset>
      <input
        className="govuk-button govuk-button--start"
        id="continue-button"
        type="submit"
        value="Continue"
      />
    </form>
  </main>
</Layout>
`;
