// Jest Snapshot v1, https://goo.gl/fbAQLP

exports[`pages operator should render correctly 1`] = `
<Layout
  description="Fares data build tool is a service that allows you to generate data in NeTEx format"
  title="Fares data build tool"
>
  <main
    className="govuk-main-wrapper app-main-class"
    id="main-content"
    role="main"
  >
    <h1
      className="govuk-heading-xl"
    >
      Fares data build tool
    </h1>
    <p
      className="govuk-body-l"
    >
      Use this service to:
    </p>
    <div
      className="govuk-body-l"
    >
      <ul
        className="index-page-list"
      >
        <li>
          Add fares to a newly registered bus service
        </li>
        <li>
          Update fares on an existing bus service
        </li>
        <li>
          Generate fares data for services in NeTEx format
        </li>
      </ul>
    </div>
    <a
      className="govuk-button govuk-button--start"
      data-module="govuk-button"
      draggable="false"
      href="/operator"
      role="button"
    >
      Start now
      <svg
        className="govuk-button__start-icon"
        focusable="false"
        height="19"
        role="presentation"
        viewBox="0 0 33 40"
        width="17.5"
        xmlns="http://www.w3.org/2000/svg"
      >
        <path
          d="M0 0h13l20 20-20 20H0l20-20z"
          fill="currentColor"
        />
      </svg>
    </a>
  </main>
</Layout>
`;
